// Jest Snapshot v1, https://goo.gl/fbAQLP

exports[`Pizza tests should match the snapshot 1`] = `
ShallowWrapper {
  "length": 1,
  Symbol(enzyme.__root__): [Circular],
  Symbol(enzyme.__unrendered__): <Pizza />,
  Symbol(enzyme.__renderer__): Object {
    "batchedUpdates": [Function],
    "getNode": [Function],
    "render": [Function],
    "simulateEvent": [Function],
    "unmount": [Function],
  },
  Symbol(enzyme.__node__): Object {
    "instance": null,
    "key": undefined,
    "nodeType": "host",
    "props": Object {
      "children": Array [
        <button
          className="get-pizza-button"
          onClick={[Function]}
>
          PIE ME!
</button>,
        <div
          className="pizza-container"
>
          
</div>,
      ],
      "className": "Pizza",
    },
    "ref": null,
    "rendered": Array [
      Object {
        "instance": null,
        "key": undefined,
        "nodeType": "host",
        "props": Object {
          "children": "PIE ME!",
          "className": "get-pizza-button",
          "onClick": [Function],
        },
        "ref": null,
        "rendered": "PIE ME!",
        "type": "button",
      },
      Object {
        "instance": null,
        "key": undefined,
        "nodeType": "host",
        "props": Object {
          "children": Array [
            undefined,
            undefined,
            undefined,
          ],
          "className": "pizza-container",
        },
        "ref": null,
        "rendered": Array [
          undefined,
          undefined,
          undefined,
        ],
        "type": "div",
      },
    ],
    "type": "div",
  },
  Symbol(enzyme.__nodes__): Array [
    Object {
      "instance": null,
      "key": undefined,
      "nodeType": "host",
      "props": Object {
        "children": Array [
          <button
            className="get-pizza-button"
            onClick={[Function]}
>
            PIE ME!
</button>,
          <div
            className="pizza-container"
>
            
</div>,
        ],
        "className": "Pizza",
      },
      "ref": null,
      "rendered": Array [
        Object {
          "instance": null,
          "key": undefined,
          "nodeType": "host",
          "props": Object {
            "children": "PIE ME!",
            "className": "get-pizza-button",
            "onClick": [Function],
          },
          "ref": null,
          "rendered": "PIE ME!",
          "type": "button",
        },
        Object {
          "instance": null,
          "key": undefined,
          "nodeType": "host",
          "props": Object {
            "children": Array [
              undefined,
              undefined,
              undefined,
            ],
            "className": "pizza-container",
          },
          "ref": null,
          "rendered": Array [
            undefined,
            undefined,
            undefined,
          ],
          "type": "div",
        },
      ],
      "type": "div",
    },
  ],
  Symbol(enzyme.__options__): Object {
    "adapter": ReactSixteenAdapter {
      "options": Object {
        "enableComponentDidUpdateOnSetState": true,
      },
    },
  },
}
`;
