// Jest Snapshot v1, https://goo.gl/fbAQLP

exports[`OrderDetailsLeft tests should match the snapshot 1`] = `
ShallowWrapper {
  "length": 1,
  Symbol(enzyme.__root__): [Circular],
  Symbol(enzyme.__unrendered__): <OrderDetailsLeft
    crust="thin"
    date="2018-04-25T06:32:31.259Z"
    orderId={9273479}
    size="medium"
/>,
  Symbol(enzyme.__renderer__): Object {
    "batchedUpdates": [Function],
    "getNode": [Function],
    "render": [Function],
    "simulateEvent": [Function],
    "unmount": [Function],
  },
  Symbol(enzyme.__node__): Object {
    "instance": null,
    "key": undefined,
    "nodeType": "host",
    "props": Object {
      "children": <div>
        <h3>
                ORDER
        </h3>
        <div
                className="order-container"
        >
                <p>
                        April 25th, 12:32 am
                </p>
                <p>
                        Order ID: 
                        9273479
                </p>
        </div>
        <h3>
                PIZZA
        </h3>
        <div
                className="order-container"
        >
                <p>
                        Crust: 
                        <span
                                className="font-bold"
                        >
                                Thin
                        </span>
                </p>
                <p>
                        Size: 
                        <span
                                className={undefined}
                        >
                                Medium
                        </span>
                </p>
        </div>
</div>,
      "className": "OrderDetailsLeft",
    },
    "ref": null,
    "rendered": Object {
      "instance": null,
      "key": undefined,
      "nodeType": "host",
      "props": Object {
        "children": Array [
          <h3>
            ORDER
</h3>,
          <div
            className="order-container"
>
            <p>
                        April 25th, 12:32 am
            </p>
            <p>
                        Order ID: 
                        9273479
            </p>
</div>,
          <h3>
            PIZZA
</h3>,
          <div
            className="order-container"
>
            <p>
                        Crust: 
                        <span
                                    className="font-bold"
                        >
                                    Thin
                        </span>
            </p>
            <p>
                        Size: 
                        <span
                                    className={undefined}
                        >
                                    Medium
                        </span>
            </p>
</div>,
        ],
      },
      "ref": null,
      "rendered": Array [
        Object {
          "instance": null,
          "key": undefined,
          "nodeType": "host",
          "props": Object {
            "children": "ORDER",
          },
          "ref": null,
          "rendered": "ORDER",
          "type": "h3",
        },
        Object {
          "instance": null,
          "key": undefined,
          "nodeType": "host",
          "props": Object {
            "children": Array [
              <p>
                April 25th, 12:32 am
</p>,
              <p>
                Order ID: 
                9273479
</p>,
            ],
            "className": "order-container",
          },
          "ref": null,
          "rendered": Array [
            Object {
              "instance": null,
              "key": undefined,
              "nodeType": "host",
              "props": Object {
                "children": "April 25th, 12:32 am",
              },
              "ref": null,
              "rendered": "April 25th, 12:32 am",
              "type": "p",
            },
            Object {
              "instance": null,
              "key": undefined,
              "nodeType": "host",
              "props": Object {
                "children": Array [
                  "Order ID: ",
                  9273479,
                ],
              },
              "ref": null,
              "rendered": Array [
                "Order ID: ",
                9273479,
              ],
              "type": "p",
            },
          ],
          "type": "div",
        },
        Object {
          "instance": null,
          "key": undefined,
          "nodeType": "host",
          "props": Object {
            "children": "PIZZA",
          },
          "ref": null,
          "rendered": "PIZZA",
          "type": "h3",
        },
        Object {
          "instance": null,
          "key": undefined,
          "nodeType": "host",
          "props": Object {
            "children": Array [
              <p>
                Crust: 
                <span
                                className="font-bold"
                >
                                Thin
                </span>
</p>,
              <p>
                Size: 
                <span
                                className={undefined}
                >
                                Medium
                </span>
</p>,
            ],
            "className": "order-container",
          },
          "ref": null,
          "rendered": Array [
            Object {
              "instance": null,
              "key": undefined,
              "nodeType": "host",
              "props": Object {
                "children": Array [
                  "Crust: ",
                  <span
                    className="font-bold"
>
                    Thin
</span>,
                ],
              },
              "ref": null,
              "rendered": Array [
                "Crust: ",
                Object {
                  "instance": null,
                  "key": undefined,
                  "nodeType": "host",
                  "props": Object {
                    "children": "Thin",
                    "className": "font-bold",
                  },
                  "ref": null,
                  "rendered": "Thin",
                  "type": "span",
                },
              ],
              "type": "p",
            },
            Object {
              "instance": null,
              "key": undefined,
              "nodeType": "host",
              "props": Object {
                "children": Array [
                  "Size: ",
                  <span
                    className={undefined}
>
                    Medium
</span>,
                ],
              },
              "ref": null,
              "rendered": Array [
                "Size: ",
                Object {
                  "instance": null,
                  "key": undefined,
                  "nodeType": "host",
                  "props": Object {
                    "children": "Medium",
                    "className": undefined,
                  },
                  "ref": null,
                  "rendered": "Medium",
                  "type": "span",
                },
              ],
              "type": "p",
            },
          ],
          "type": "div",
        },
      ],
      "type": "div",
    },
    "type": "div",
  },
  Symbol(enzyme.__nodes__): Array [
    Object {
      "instance": null,
      "key": undefined,
      "nodeType": "host",
      "props": Object {
        "children": <div>
          <h3>
                    ORDER
          </h3>
          <div
                    className="order-container"
          >
                    <p>
                              April 25th, 12:32 am
                    </p>
                    <p>
                              Order ID: 
                              9273479
                    </p>
          </div>
          <h3>
                    PIZZA
          </h3>
          <div
                    className="order-container"
          >
                    <p>
                              Crust: 
                              <span
                                        className="font-bold"
                              >
                                        Thin
                              </span>
                    </p>
                    <p>
                              Size: 
                              <span
                                        className={undefined}
                              >
                                        Medium
                              </span>
                    </p>
          </div>
</div>,
        "className": "OrderDetailsLeft",
      },
      "ref": null,
      "rendered": Object {
        "instance": null,
        "key": undefined,
        "nodeType": "host",
        "props": Object {
          "children": Array [
            <h3>
              ORDER
</h3>,
            <div
              className="order-container"
>
              <p>
                            April 25th, 12:32 am
              </p>
              <p>
                            Order ID: 
                            9273479
              </p>
</div>,
            <h3>
              PIZZA
</h3>,
            <div
              className="order-container"
>
              <p>
                            Crust: 
                            <span
                                          className="font-bold"
                            >
                                          Thin
                            </span>
              </p>
              <p>
                            Size: 
                            <span
                                          className={undefined}
                            >
                                          Medium
                            </span>
              </p>
</div>,
          ],
        },
        "ref": null,
        "rendered": Array [
          Object {
            "instance": null,
            "key": undefined,
            "nodeType": "host",
            "props": Object {
              "children": "ORDER",
            },
            "ref": null,
            "rendered": "ORDER",
            "type": "h3",
          },
          Object {
            "instance": null,
            "key": undefined,
            "nodeType": "host",
            "props": Object {
              "children": Array [
                <p>
                  April 25th, 12:32 am
</p>,
                <p>
                  Order ID: 
                  9273479
</p>,
              ],
              "className": "order-container",
            },
            "ref": null,
            "rendered": Array [
              Object {
                "instance": null,
                "key": undefined,
                "nodeType": "host",
                "props": Object {
                  "children": "April 25th, 12:32 am",
                },
                "ref": null,
                "rendered": "April 25th, 12:32 am",
                "type": "p",
              },
              Object {
                "instance": null,
                "key": undefined,
                "nodeType": "host",
                "props": Object {
                  "children": Array [
                    "Order ID: ",
                    9273479,
                  ],
                },
                "ref": null,
                "rendered": Array [
                  "Order ID: ",
                  9273479,
                ],
                "type": "p",
              },
            ],
            "type": "div",
          },
          Object {
            "instance": null,
            "key": undefined,
            "nodeType": "host",
            "props": Object {
              "children": "PIZZA",
            },
            "ref": null,
            "rendered": "PIZZA",
            "type": "h3",
          },
          Object {
            "instance": null,
            "key": undefined,
            "nodeType": "host",
            "props": Object {
              "children": Array [
                <p>
                  Crust: 
                  <span
                                    className="font-bold"
                  >
                                    Thin
                  </span>
</p>,
                <p>
                  Size: 
                  <span
                                    className={undefined}
                  >
                                    Medium
                  </span>
</p>,
              ],
              "className": "order-container",
            },
            "ref": null,
            "rendered": Array [
              Object {
                "instance": null,
                "key": undefined,
                "nodeType": "host",
                "props": Object {
                  "children": Array [
                    "Crust: ",
                    <span
                      className="font-bold"
>
                      Thin
</span>,
                  ],
                },
                "ref": null,
                "rendered": Array [
                  "Crust: ",
                  Object {
                    "instance": null,
                    "key": undefined,
                    "nodeType": "host",
                    "props": Object {
                      "children": "Thin",
                      "className": "font-bold",
                    },
                    "ref": null,
                    "rendered": "Thin",
                    "type": "span",
                  },
                ],
                "type": "p",
              },
              Object {
                "instance": null,
                "key": undefined,
                "nodeType": "host",
                "props": Object {
                  "children": Array [
                    "Size: ",
                    <span
                      className={undefined}
>
                      Medium
</span>,
                  ],
                },
                "ref": null,
                "rendered": Array [
                  "Size: ",
                  Object {
                    "instance": null,
                    "key": undefined,
                    "nodeType": "host",
                    "props": Object {
                      "children": "Medium",
                      "className": undefined,
                    },
                    "ref": null,
                    "rendered": "Medium",
                    "type": "span",
                  },
                ],
                "type": "p",
              },
            ],
            "type": "div",
          },
        ],
        "type": "div",
      },
      "type": "div",
    },
  ],
  Symbol(enzyme.__options__): Object {
    "adapter": ReactSixteenAdapter {
      "options": Object {
        "enableComponentDidUpdateOnSetState": true,
      },
    },
  },
}
`;
